<html>
<body>
<pre>
<h1>µVision Build Log</h1>
<h2>Tool Versions:</h2>
IDE-Version: ¶ÃVision V5.15
Copyright (C) 2015 ARM Ltd and ARM Germany GmbH. All rights reserved.
License Information:  ,  , LIC=7YKYW-Q9HK3-5BHEB-2V6FR-YSS49-CJYGL
 
Tool Versions:
Toolchain:       MDK-ARM Professional  Version: 5.15.0
Toolchain Path:  E:\flushbonading\Keil_v5\ARM\ARMCC\Bin
C Compiler:      Armcc.exe V5.05 update 2 (build 169)
Assembler:       Armasm.exe V5.05 update 2 (build 169)
Linker/Locator:  ArmLink.exe V5.05 update 2 (build 169)
Library Manager: ArmAr.exe V5.05 update 2 (build 169)
Hex Converter:   FromElf.exe V5.05 update 2 (build 169)
CPU DLL:         SARMCM3.DLL V5.15.0
Dialog DLL:      DCM.DLL V1.13.2.0
Target DLL:      CMSIS_AGDI.dll V1.21.12.0
Dialog DLL:      TCM.DLL V1.14.5.0
 
<h2>Project:</h2>
C:\Users\83717\Desktop\Îäö›\flushbonading\Project\iTASK\Project\RVMDK£®uv5£©\iSO-STM32.uvprojx
Project File Date:  05/01/2022

<h2>Output:</h2>
*** Using Compiler 'V5.05 update 2 (build 169)', folder: 'E:\flushbonading\Keil_v5\ARM\ARMCC\Bin'
Rebuild target 'uCOS_emWin'
assembling startup_stm32f10x_hd.s...
compiling core_cm3.c...
compiling system_stm32f10x.c...
compiling misc.c...
compiling stm32f10x_adc.c...
compiling stm32f10x_bkp.c...
compiling stm32f10x_can.c...
compiling stm32f10x_cec.c...
compiling stm32f10x_crc.c...
compiling stm32f10x_dac.c...
compiling stm32f10x_dbgmcu.c...
compiling stm32f10x_dma.c...
compiling stm32f10x_exti.c...
compiling stm32f10x_flash.c...
compiling stm32f10x_fsmc.c...
compiling stm32f10x_gpio.c...
compiling stm32f10x_i2c.c...
compiling stm32f10x_iwdg.c...
compiling stm32f10x_pwr.c...
compiling stm32f10x_rcc.c...
compiling stm32f10x_rtc.c...
compiling stm32f10x_sdio.c...
compiling stm32f10x_spi.c...
compiling stm32f10x_tim.c...
compiling stm32f10x_usart.c...
compiling stm32f10x_wwdg.c...
compiling main.c...
compiling stm32f10x_it.c...
..\..\User\stm32f10x_it.c(239): warning:  #223-D: function "strstr" declared implicitly
                ucTcpClosedFlag = strstr(strEsp8266_Fram_Record .Data_RX_BUF, "CLOSED\r\n" ) ? 1 : 0;
..\..\User\stm32f10x_it.c: 1 warning, 0 errors
assembling cpu_a.asm...
compiling cpu_c.c...
compiling cpu_core.c...
assembling lib_mem_a.asm...
compiling lib_ascii.c...
compiling lib_math.c...
compiling lib_mem.c...
compiling lib_str.c...
compiling os_cfg_app.c...
compiling os_core.c...
compiling os_dbg.c...
compiling os_flag.c...
compiling os_int.c...
compiling os_mem.c...
compiling os_msg.c...
compiling os_mutex.c...
compiling os_pend_multi.c...
compiling os_prio.c...
compiling os_q.c...
compiling os_sem.c...
compiling os_stat.c...
compiling os_task.c...
compiling os_tick.c...
compiling os_time.c...
compiling os_tmr.c...
compiling os_var.c...
assembling os_cpu_a.s...
compiling os_cpu_c.c...
compiling bsp.c...
compiling bsp_led.c...
compiling bsp_usart1.c...
compiling bsp_ili9341_lcd.c...
compiling bsp_xpt2046_lcd.c...
compiling fatfs_flash_spi.c...
compiling key.c...
compiling beep.c...
compiling TouchPad.c...
compiling bsp_breathing.c...
compiling bsp_i2c_ee.c...
compiling bsp_i2c_gpio_ee.c...
compiling bsp_calendar.c...
compiling bsp_date.c...
compiling bsp_rtc.c...
compiling bsp_esp8266.c...
compiling bsp_ov7725.c...
compiling bsp_sccb.c...
compiling bsp_usart2.c...
compiling sim900a.c...
compiling os_app_hooks.c...
compiling app.c...
compiling appicon.c...
compiling Touch_CalibrationApp.c...
..\..\User\app\Touch_CalibrationApp.c(192): warning:  #111-D: statement is unreachable
    _WaitForPressedState(0);
..\..\User\app\Touch_CalibrationApp.c: 1 warning, 0 errors
compiling common.c...
..\..\User\common.c(59): warning:  #223-D: function "strlen" declared implicitly
        k=strlen(src);
..\..\User\common.c: 1 warning, 0 errors
compiling KEYapp.c...
compiling Breathingapp.c...
compiling pysearch.c...
compiling keypadapp.c...
compiling ADCapp.c...
..\..\User\app\ADCapp.c(234): warning:  #223-D: function "strlen" declared implicitly
      GUI_DispStringInRectEx(acText, &Rect, 
UI_TA_HCENTER, strlen(acText), GUI_ROTATE_CCW);
..\..\User\app\ADCapp.c: 1 warning, 0 errors
compiling EEPROMapp.c...
compiling Clockapp.c...
compiling USBapp.c...
compiling Wifi.c...
compiling Humitureapp.c...
compiling Cameraapp.c...
compiling Calculatorapp.c...
compiling Phoneapp.c...
..\..\User\app\Phoneapp.c(253): warning:  #870-D: invalid multibyte character sequence
                                                TEXT_SetText(WM_GetDialogItem(pMsg->hWin, 
UI_ID_TEXT1), "ÈÄ?ËØ?‰∏?...");
..\..\User\app\Phoneapp.c(449): warning:  #870-D: invalid multibyte character sequence
                                TEXT_SetText(WM_GetDialogItem(hWin, 
UI_ID_TEXT1),"Êñ?Êù?Áî?...");
..\..\User\app\Phoneapp.c: 2 warnings, 0 errors
compiling Messageapp.c...
..\..\User\app\Messageapp.c(157): warning:  #223-D: function "memcpy" declared implicitly
                memcpy(pStat,pContent,sizeof(char)*5);
..\..\User\app\Messageapp.c(216): warning:  #223-D: function "memcpy" declared implicitly
                memcpy(pContacts,&pContent[5],sizeof(char)*20);
..\..\User\app\Messageapp.c(302): warning:  #223-D: function "strlen" declared implicitly
        sim900a_sms_utf8(pContacts,contentedit,strlen(pContacts),MessageLen);
..\..\User\app\Messageapp.c(387): warning:  #870-D: invalid multibyte character sequence
        TEXT_SetText(hText, "ËÅ?Á≥?‰∫?:");
..\..\User\app\Messageapp.c: 4 warnings, 0 errors
compiling UserApp.c...
compiling GUIConf.c...
compiling LCDConf_FlexColor_Template.c...
compiling GUI_X_uCOS.c...
compiling GUI_X_Touch_Analog.c...
compiling diskio.c...
compiling ff.c...
compiling firecc936.c...
compiling usb_core.c...
compiling usb_init.c...
compiling usb_int.c...
compiling usb_mem.c...
compiling usb_regs.c...
compiling usb_sil.c...
compiling hw_config.c...
compiling mass_mal.c...
compiling memory.c...
compiling scsi_data.c...
compiling usb_bot.c...
compiling usb_desc.c...
compiling usb_endp.c...
compiling usb_istr.c...
compiling usb_prop.c...
compiling usb_pwr.c...
compiling usb_scsi.c...
linking...
Program Size: Code=183816 RO-data=168664 RW-data=3592 ZI-data=61536  
FromELF: creating hex file...
"..\..\Output\iTask.axf" - 0 Error(s), 10 Warning(s).

<h2>Software Packages used:</h2>

Package Vendor: ARM
                http://www.keil.com/pack/ARM.CMSIS.4.3.0.pack
                ARM::CMSIS:CORE:4.1.0
                CMSIS (Cortex Microcontroller Software Interface Standard)
   * Component: CORE Version: 4.1.0

<h2>Collection of Component include folders:</h2>
  C:\Users\83717\Desktop\Îäö›\flushbonading\Project\iTASK\Project\RVMDK£®uv5£©\RTE
  E:\flushbonading\Keil_v5\ARM\PACK\ARM\CMSIS\4.3.0\CMSIS\Include
  E:\flushbonading\Keil_v5\ARM\PACK\Keil\STM32F1xx_DFP\1.1.0\Device\Include

<h2>Collection of Component Files used:</h2>

   * Component: ARM::CMSIS:CORE:4.1.0
</pre>
</body>
</html>
